2025-11-17 07:00:33,457 - ispa_next.main - DEBUG - ISPA Next attempt (1 / 5)
2025-11-17 07:00:33,464 - overlays.client - INFO - Connected to overlay manager pipe
2025-11-17 07:00:42,200 - ispa_next.app_start.functions - DEBUG - handle_update_available
2025-11-17 07:00:55,445 - ispa_next.app_start.functions - DEBUG - has_ispa_errors
2025-11-17 07:01:10,914 - ispa_next.app_start.functions - DEBUG - authenticate_user
2025-11-17 07:03:08,527 - ispa_next.app_start.main - DEBUG - Operation already took 106.25 seconds (more than 80 seconds)
2025-11-17 07:03:10,591 - pytesseract - DEBUG - ['tesseract', 'C:\\Users\\Bot\\AppData\\Local\\robocorp\\temp\\c2493b2b6dd2821c\\tess_dd86oz5__input.PNG', 'C:\\Users\\Bot\\AppData\\Local\\robocorp\\temp\\c2493b2b6dd2821c\\tess_dd86oz5_', 'txt']
2025-11-17 07:03:10,886 - ispa_next.app_start.main - DEBUG - Unknown error
2025-11-17 07:03:10,891 - ispa_next.app_start.main - DEBUG - Exception occurred: Unknown error during authentication
2025-11-17 07:03:10,892 - ispa_next.app_start.functions - DEBUG - authenticate_user
2025-11-17 07:05:09,864 - ispa_next.app_start.main - DEBUG - Operation already took 106.71 seconds (more than 80 seconds)
2025-11-17 07:05:11,933 - pytesseract - DEBUG - ['tesseract', 'C:\\Users\\Bot\\AppData\\Local\\robocorp\\temp\\c2493b2b6dd2821c\\tess_1vi5tqzv_input.PNG', 'C:\\Users\\Bot\\AppData\\Local\\robocorp\\temp\\c2493b2b6dd2821c\\tess_1vi5tqzv', 'txt']
2025-11-17 07:05:12,173 - ispa_next.app_start.main - DEBUG - Unknown error
2025-11-17 07:05:12,178 - ispa_next.app_start.main - DEBUG - Exception occurred: Unknown error during authentication
2025-11-17 07:05:19,454 - ispa_next.main - DEBUG - ISPA Next attempt (2 / 5)
2025-11-17 07:05:28,373 - ispa_next.app_start.functions - DEBUG - handle_update_available
2025-11-17 07:05:38,902 - ispa_next.app_start.functions - DEBUG - has_ispa_errors
2025-11-17 07:05:54,418 - ispa_next.app_start.functions - DEBUG - authenticate_user
2025-11-17 07:07:52,090 - ispa_next.app_start.main - DEBUG - Operation already took 106.59 seconds (more than 80 seconds)
2025-11-17 07:07:54,151 - pytesseract - DEBUG - ['tesseract', 'C:\\Users\\Bot\\AppData\\Local\\robocorp\\temp\\c2493b2b6dd2821c\\tess_aic_3nn2_input.PNG', 'C:\\Users\\Bot\\AppData\\Local\\robocorp\\temp\\c2493b2b6dd2821c\\tess_aic_3nn2', 'txt']
2025-11-17 07:07:54,402 - ispa_next.app_start.main - DEBUG - Unknown error
2025-11-17 07:07:54,406 - ispa_next.app_start.main - DEBUG - Exception occurred: Unknown error during authentication
2025-11-17 07:07:54,407 - ispa_next.app_start.functions - DEBUG - authenticate_user
2025-11-17 07:09:53,063 - ispa_next.app_start.main - DEBUG - Operation already took 106.42 seconds (more than 80 seconds)
2025-11-17 07:09:55,119 - pytesseract - DEBUG - ['tesseract', 'C:\\Users\\Bot\\AppData\\Local\\robocorp\\temp\\c2493b2b6dd2821c\\tess_b3fw8g76_input.PNG', 'C:\\Users\\Bot\\AppData\\Local\\robocorp\\temp\\c2493b2b6dd2821c\\tess_b3fw8g76', 'txt']
2025-11-17 07:09:55,358 - ispa_next.app_start.main - DEBUG - Unknown error
2025-11-17 07:09:55,362 - ispa_next.app_start.main - DEBUG - Exception occurred: Unknown error during authentication
2025-11-17 07:10:02,770 - ispa_next.main - DEBUG - ISPA Next attempt (3 / 5)
2025-11-17 07:10:10,926 - ispa_next.app_start.functions - DEBUG - handle_update_available
2025-11-17 07:10:22,123 - ispa_next.app_start.functions - DEBUG - has_ispa_errors
2025-11-17 07:10:37,744 - ispa_next.app_start.functions - DEBUG - authenticate_user
2025-11-17 07:12:36,183 - ispa_next.app_start.main - DEBUG - Operation already took 107.35 seconds (more than 80 seconds)
2025-11-17 07:12:38,273 - pytesseract - DEBUG - ['tesseract', 'C:\\Users\\Bot\\AppData\\Local\\robocorp\\temp\\c2493b2b6dd2821c\\tess_8i_s5aa__input.PNG', 'C:\\Users\\Bot\\AppData\\Local\\robocorp\\temp\\c2493b2b6dd2821c\\tess_8i_s5aa_', 'txt']
2025-11-17 07:12:38,500 - ispa_next.app_start.main - DEBUG - Unknown error
2025-11-17 07:12:38,503 - ispa_next.app_start.main - DEBUG - Exception occurred: Unknown error during authentication
2025-11-17 07:12:38,504 - ispa_next.app_start.functions - DEBUG - authenticate_user
2025-11-17 07:14:37,033 - ispa_next.app_start.main - DEBUG - Operation already took 106.29 seconds (more than 80 seconds)
2025-11-17 07:14:39,117 - pytesseract - DEBUG - ['tesseract', 'C:\\Users\\Bot\\AppData\\Local\\robocorp\\temp\\c2493b2b6dd2821c\\tess_s6mnod5u_input.PNG', 'C:\\Users\\Bot\\AppData\\Local\\robocorp\\temp\\c2493b2b6dd2821c\\tess_s6mnod5u', 'txt']
2025-11-17 07:14:39,359 - ispa_next.app_start.main - DEBUG - Unknown error
2025-11-17 07:14:39,363 - ispa_next.app_start.main - DEBUG - Exception occurred: Unknown error during authentication
2025-11-17 07:14:46,732 - ispa_next.main - DEBUG - ISPA Next attempt (4 / 5)
2025-11-17 07:14:54,298 - ispa_next.app_start.functions - DEBUG - handle_update_available
2025-11-17 07:15:05,291 - ispa_next.app_start.functions - DEBUG - has_ispa_errors
2025-11-17 07:15:20,817 - ispa_next.app_start.functions - DEBUG - authenticate_user
2025-11-17 07:17:18,434 - ispa_next.app_start.main - DEBUG - Operation already took 106.54 seconds (more than 80 seconds)
2025-11-17 07:17:20,491 - pytesseract - DEBUG - ['tesseract', 'C:\\Users\\Bot\\AppData\\Local\\robocorp\\temp\\c2493b2b6dd2821c\\tess_wyr2dcdd_input.PNG', 'C:\\Users\\Bot\\AppData\\Local\\robocorp\\temp\\c2493b2b6dd2821c\\tess_wyr2dcdd', 'txt']
2025-11-17 07:17:20,703 - ispa_next.app_start.main - DEBUG - Unknown error
2025-11-17 07:17:20,707 - ispa_next.app_start.main - DEBUG - Exception occurred: Unknown error during authentication
2025-11-17 07:17:20,707 - ispa_next.app_start.functions - DEBUG - authenticate_user
2025-11-17 07:17:46,366 - ispa_next.app_start.main - DEBUG - Login successful
2025-11-17 07:17:57,792 - ispa_next.appointments.functions - DEBUG - order_appointments_grid_by_created_at
2025-11-17 07:18:01,650 - ispa_next.appointments.functions - DEBUG - filter_appointments_grid_by_term
2025-11-17 07:18:02,931 - ispa_next.appointments.functions - DEBUG - Gross total count for all events at location: 648
2025-11-17 07:18:02,933 - ispa_next.appointments.functions - DEBUG - Unfiltered total count for 'Terminvereinbarung' events: 220
2025-11-17 07:18:05,398 - ispa_next.appointments.functions - DEBUG - Filtered by term total count for 'Terminvereinbarung' events: 139
2025-11-17 07:18:05,399 - ispa_next.appointments.functions - DEBUG - recover_or_exit_IPS_error
2025-11-17 07:18:05,399 - ispa_next.appointments.functions - DEBUG - check_appointments_grid_for_IPS_error
2025-11-17 07:18:06,669 - ispa_next.appointments.functions - DEBUG - check_appointments_grid_for_IPS_error
2025-11-17 07:18:07,875 - ispa_next.appointments.functions - DEBUG - fetch_appointments_from_grid
2025-11-17 07:18:28,482 - ispa_next.appointments.models - DEBUG - Appointment Frau Martina Schmidtke VS-Z 2807 WBA21CM0208E14920 ohne Termin.
2025-11-17 07:18:28,517 - ispa_next.main - DEBUG - Found 2 out of 95 appointments to process (configured limit: 15).
2025-11-17 07:18:28,517 - ispa_next.main - DEBUG - Processing 2 fresh appointments.
2025-11-17 07:18:28,517 - ispa_next.main - DEBUG - All appointments: RT-CH 39 E, RT SD5210
2025-11-17 07:18:28,520 - ispa_next.main - DEBUG - 



2025-11-17 07:18:28,520 - ispa_next.main - DEBUG - starting with process 1 (RT-CH 39 E) of 2
2025-11-17 07:18:28,524 - ispa_next.appointment_loop.helpers - DEBUG - Checking for potential OIDC Login dialog
2025-11-17 07:18:29,679 - ispa_next.appointments.functions - DEBUG - filter_appointments_grid_by_term
2025-11-17 07:18:30,914 - ispa_next.appointments.functions - DEBUG - Gross total count for all events at location: 648
2025-11-17 07:18:30,915 - ispa_next.appointments.functions - DEBUG - Unfiltered total count for 'Terminvereinbarung' events: 139
2025-11-17 07:18:32,461 - ispa_next.appointments.functions - DEBUG - Filtered by term total count for 'Terminvereinbarung' events: 1
2025-11-17 07:18:32,462 - ispa_next.appointments.functions - DEBUG - fetch_appointments_from_grid
2025-11-17 07:18:53,756 - ispa_next.rkr_manager.main - DEBUG - RemoteKeyReadManager initialized
2025-11-17 07:19:02,577 - ispa_next.functions - DEBUG - get_cart_contents
2025-11-17 07:19:05,768 - ispa_next.functions - DEBUG - check_and_verify_hu_date
2025-11-17 07:19:05,769 - ispa_next.common.shared - DEBUG - Attempting to open ISPA tab: Kunden & Fahrzeug
2025-11-17 07:19:05,841 - ispa_next.common.shared - DEBUG - ISPA tab Kunden & Fahrzeug is already open
2025-11-17 07:19:06,012 - ispa_next.functions - DEBUG - HU date already expired after 54 days.
2025-11-17 07:19:12,676 - ispa_next.functions - DEBUG - check_potential_workshop_test
2025-11-17 07:19:12,679 - ispa_next.functions - DEBUG - check_vehicle_age_for_service_plus
2025-11-17 07:19:15,490 - ispa_next.rkr_manager.main - DEBUG - running RemoteKeyReadManager
2025-11-17 07:19:15,491 - ispa_next.common.shared - DEBUG - Attempting to open ISPA tab: Wartung
2025-11-17 07:19:15,712 - ispa_next.common.shared - ERROR - Error opening ISPA tab: Wartung
2025-11-17 07:19:16,508 - ispa_next.appointment_loop.main - DEBUG - Appointment failed: Traceback (most recent call last):
  File "C:\Users\Bot\AppData\Local\automizor\runner\ispa_next\common\shared.py", line 50, in open_ispa_tab
    target_tab = tab_control.find_first(C.name(name), C.control_type_name("Text"))
                 ^^^^^^^^^^^^^^^^^^^^^^^^^^^^^^^^^^^^^^^^^^^^^^^^^^^^^^^^^^^^^^^^^
  File "C:\Users\Bot\AppData\Local\robocorp\holotree\220eddf_5a1fac3_9fcd2534\Lib\site-packages\pyfenster\decorators\null_control.py", line 23, in wrapper
    return func(self, *args, **kwargs)
           ^^^^^^^^^^^^^^^^^^^^^^^^^^^
  File "C:\Users\Bot\AppData\Local\robocorp\holotree\220eddf_5a1fac3_9fcd2534\Lib\site-packages\pyfenster\query\mixins.py", line 186, in find_first
    found = m.find_first(
            ^^^^^^^^^^^^^
  File "C:\Users\Bot\AppData\Local\robocorp\holotree\220eddf_5a1fac3_9fcd2534\Lib\site-packages\pyfenster\query\methods.py", line 87, in find_first
    raise_error(msg)
  File "C:\Users\Bot\AppData\Local\robocorp\holotree\220eddf_5a1fac3_9fcd2534\Lib\site-packages\pyfenster\query\methods.py", line 78, in raise_error
    raise ElementNotFoundError(msg)
pyfenster.exceptions.ElementNotFoundError: 'FindFirst' failed: name = 'Wartung'
AND
control_type = '50020'

The above exception was the direct cause of the following exception:

Traceback (most recent call last):
  File "C:\Users\Bot\AppData\Local\automizor\runner\ispa_next\appointment_loop\main.py", line 72, in process_appointment
    remote_keyread_manager.run(waiting=False)
  File "C:\Users\Bot\AppData\Local\automizor\runner\ispa_next\rkr_manager\main.py", line 61, in run
    self.ui_helper.open_tab(base_element=self.base_element, name="Wartung")
  File "C:\Users\Bot\AppData\Local\automizor\runner\ispa_next\rkr_manager\helper.py", line 272, in open_tab
    opened = open_ispa_tab(base_element=base_element, name=name)
             ^^^^^^^^^^^^^^^^^^^^^^^^^^^^^^^^^^^^^^^^^^^^^^^^^^^
  File "C:\Users\Bot\AppData\Local\automizor\runner\ispa_next\common\shared.py", line 73, in open_ispa_tab
    raise ElementNotFoundError(error_msg) from exc
pyfenster.exceptions.ElementNotFoundError: Error opening ISPA tab: Wartung

2025-11-17 07:19:16,527 - ispa_next.appointment_ending - DEBUG - entered complete process
2025-11-17 07:19:16,528 - ispa_next.appointment_loop.helpers - DEBUG - Checking for potential OIDC Login dialog
2025-11-17 07:19:17,250 - ispa_next.common.shared - DEBUG - Attempting to open ISPA tab: Abschluss
2025-11-17 07:19:17,957 - ispa_next.common.shared - DEBUG - Successfully opened ISPA tab: Abschluss
2025-11-17 07:19:17,959 - ispa_next.appointment_ending - DEBUG - complete_process exists early.
2025-11-17 07:19:17,988 - ispa_next.appointment_ending - DEBUG - attempt to close process with save: False
2025-11-17 07:19:20,055 - ispa_next.appointment_loop.main - DEBUG - Closing appointment 1.
2025-11-17 07:19:20,058 - ispa_next.appointments.functions - DEBUG - filter_appointments_grid_by_term
2025-11-17 07:19:20,985 - ispa_next.appointments.functions - DEBUG - Gross total count for all events at location: 648
2025-11-17 07:19:20,986 - ispa_next.appointments.functions - DEBUG - Unfiltered total count for 'Terminvereinbarung' events: 1
2025-11-17 07:19:23,750 - ispa_next.appointments.functions - DEBUG - Filtered by term total count for 'Terminvereinbarung' events: 220
2025-11-17 07:19:23,750 - ispa_next.appointments.functions - DEBUG - fetch_appointments_from_grid
2025-11-17 07:19:24,546 - ispa_next.appointments.models - DEBUG - Appointment Herr Alexander Smolinsky ZH 540564 WBA6N110X0FJ09124 ohne Termin.
2025-11-17 07:19:24,551 - ispa_next.main - DEBUG - 



2025-11-17 07:19:24,551 - ispa_next.main - DEBUG - starting with process 2 (RT SD5210) of 2
2025-11-17 07:19:24,554 - ispa_next.appointment_loop.helpers - DEBUG - Checking for potential OIDC Login dialog
2025-11-17 07:19:25,693 - ispa_next.appointments.functions - DEBUG - filter_appointments_grid_by_term
2025-11-17 07:19:26,813 - ispa_next.appointments.functions - DEBUG - Gross total count for all events at location: 648
2025-11-17 07:19:26,814 - ispa_next.appointments.functions - DEBUG - Unfiltered total count for 'Terminvereinbarung' events: 220
2025-11-17 07:19:28,277 - ispa_next.appointments.functions - DEBUG - Filtered by term total count for 'Terminvereinbarung' events: 1
2025-11-17 07:19:28,278 - ispa_next.appointments.functions - DEBUG - fetch_appointments_from_grid
2025-11-17 07:20:01,929 - ispa_next.appointment_loop.main - DEBUG - Appointment failed: Traceback (most recent call last):
  File "C:\Users\Bot\AppData\Local\automizor\runner\ispa_next\appointment_loop\main.py", line 41, in process_appointment
    handle_briefing_screen(element=app)
  File "C:\Users\Bot\AppData\Local\automizor\runner\ispa_next\appointments\functions.py", line 156, in handle_briefing_screen
    raise AppointmentNotSynchronized(
ispa_next.exceptions.AppointmentNotSynchronized: Appointment is not properly synchronized with DMS, proceed with the next one.

2025-11-17 07:20:01,941 - ispa_next.appointment_loop.main - DEBUG - Closing appointment 2.
2025-11-17 07:20:01,944 - ispa_next.appointments.functions - DEBUG - filter_appointments_grid_by_term
2025-11-17 07:20:02,455 - ispa_next.appointments.functions - DEBUG - Gross total count for all events at location: 648
2025-11-17 07:20:02,457 - ispa_next.appointments.functions - DEBUG - Unfiltered total count for 'Terminvereinbarung' events: 1
2025-11-17 07:20:05,015 - ispa_next.appointments.functions - DEBUG - Filtered by term total count for 'Terminvereinbarung' events: 220
2025-11-17 07:20:05,016 - ispa_next.appointments.functions - DEBUG - fetch_appointments_from_grid
2025-11-17 07:20:05,844 - ispa_next.appointments.models - DEBUG - Appointment Herr Alexander Smolinsky ZH 540564 WBA6N110X0FJ09124 ohne Termin.
