2025-11-17 12:15:23,596 - ispa_next.main - DEBUG - ISPA Next attempt (1 / 5)
2025-11-17 12:15:23,601 - overlays.client - INFO - Connected to overlay manager pipe
2025-11-17 12:15:33,109 - ispa_next.app_start.functions - DEBUG - handle_update_available
2025-11-17 12:15:44,606 - ispa_next.app_start.functions - DEBUG - has_ispa_errors
2025-11-17 12:16:00,358 - ispa_next.app_start.functions - DEBUG - authenticate_user
2025-11-17 12:16:25,131 - ispa_next.app_start.main - DEBUG - Login successful
2025-11-17 12:16:40,809 - ispa_next.appointments.functions - DEBUG - order_appointments_grid_by_created_at
2025-11-17 12:16:43,880 - ispa_next.appointments.functions - DEBUG - filter_appointments_grid_by_term
2025-11-17 12:16:45,471 - ispa_next.appointments.functions - DEBUG - Gross total count for all events at location: 349
2025-11-17 12:16:45,473 - ispa_next.appointments.functions - DEBUG - Unfiltered total count for 'Terminvereinbarung' events: 99
2025-11-17 12:16:48,696 - ispa_next.appointments.functions - DEBUG - Filtered by term total count for 'Terminvereinbarung' events: 90
2025-11-17 12:16:48,697 - ispa_next.appointments.functions - DEBUG - recover_or_exit_IPS_error
2025-11-17 12:16:48,698 - ispa_next.appointments.functions - DEBUG - check_appointments_grid_for_IPS_error
2025-11-17 12:16:50,183 - ispa_next.appointments.functions - DEBUG - check_appointments_grid_for_IPS_error
2025-11-17 12:16:51,676 - ispa_next.appointments.functions - DEBUG - fetch_appointments_from_grid
2025-11-17 12:17:08,097 - ispa_next.appointments.models - DEBUG - Appointment Faktor 4 Architekten, HEG NE-UH 865 WMWZH71070TY03391 ohne Termin.
2025-11-17 12:17:08,117 - ispa_next.appointments.models - DEBUG - Skipping appointment without VIN
2025-11-17 12:17:08,150 - ispa_next.appointments.models - DEBUG - Appointment Armaturen Vertrieb Alms GmbH ME-AA 340E WBY71AW020FT62013 ohne Termin.
2025-11-17 12:17:08,161 - ispa_next.appointments.models - DEBUG - Appointment   WBA11FZ090FR60998 ohne Termin.
2025-11-17 12:17:08,174 - ispa_next.appointments.models - DEBUG - Appointment Bianca Prins VIE-PE 881 WBA11AW010FL84234 ohne Termin.
2025-11-17 12:17:08,183 - ispa_next.appointments.models - DEBUG - Appointment Oliver Berndsen NE-JO 288E WBY31FK070CR63503 ohne Termin.
2025-11-17 12:17:08,190 - ispa_next.main - DEBUG - Found 1 out of 11 appointments to process (configured limit: 15).
2025-11-17 12:17:08,191 - ispa_next.main - DEBUG - Processing 1 fresh appointments.
2025-11-17 12:17:08,191 - ispa_next.main - DEBUG - All appointments: NE-RK 63
2025-11-17 12:17:08,193 - ispa_next.main - DEBUG - 



2025-11-17 12:17:08,193 - ispa_next.main - DEBUG - starting with process 1 (NE-RK 63) of 1
2025-11-17 12:17:08,197 - ispa_next.appointment_loop.helpers - DEBUG - Checking for potential OIDC Login dialog
2025-11-17 12:17:09,713 - ispa_next.appointments.functions - DEBUG - filter_appointments_grid_by_term
2025-11-17 12:17:11,371 - ispa_next.appointments.functions - DEBUG - Gross total count for all events at location: 349
2025-11-17 12:17:11,372 - ispa_next.appointments.functions - DEBUG - Unfiltered total count for 'Terminvereinbarung' events: 90
2025-11-17 12:17:13,140 - ispa_next.appointments.functions - DEBUG - Filtered by term total count for 'Terminvereinbarung' events: 1
2025-11-17 12:17:13,141 - ispa_next.appointments.functions - DEBUG - fetch_appointments_from_grid
2025-11-17 12:17:46,611 - ispa_next.rkr_manager.main - DEBUG - RemoteKeyReadManager initialized
2025-11-17 12:17:57,374 - ispa_next.functions - DEBUG - get_cart_contents
2025-11-17 12:17:59,383 - ispa_next.functions - DEBUG - check_and_verify_hu_date
2025-11-17 12:17:59,384 - ispa_next.common.shared - DEBUG - Attempting to open ISPA tab: Kunden & Fahrzeug
2025-11-17 12:17:59,560 - ispa_next.common.shared - DEBUG - ISPA tab Kunden & Fahrzeug is already open
2025-11-17 12:17:59,809 - ispa_next.functions - DEBUG - check_potential_workshop_test
2025-11-17 12:17:59,812 - ispa_next.functions - DEBUG - check_vehicle_age_for_service_plus
2025-11-17 12:18:02,778 - ispa_next.rkr_manager.main - DEBUG - running RemoteKeyReadManager
2025-11-17 12:18:02,780 - ispa_next.common.shared - DEBUG - Attempting to open ISPA tab: Wartung
2025-11-17 12:18:03,031 - ispa_next.common.shared - ERROR - Error opening ISPA tab: Wartung
2025-11-17 12:18:04,004 - ispa_next.appointment_loop.main - DEBUG - Appointment failed: Traceback (most recent call last):
  File "C:\Users\azureuser\AppData\Local\automizor\runner\ispa_next\common\shared.py", line 50, in open_ispa_tab
    target_tab = tab_control.find_first(C.name(name), C.control_type_name("Text"))
                 ^^^^^^^^^^^^^^^^^^^^^^^^^^^^^^^^^^^^^^^^^^^^^^^^^^^^^^^^^^^^^^^^^
  File "C:\Users\azureuser\AppData\Local\robocorp\holotree\84e04c8_5a1fac3_9fcd2534\Lib\site-packages\pyfenster\decorators\null_control.py", line 23, in wrapper
    return func(self, *args, **kwargs)
           ^^^^^^^^^^^^^^^^^^^^^^^^^^^
  File "C:\Users\azureuser\AppData\Local\robocorp\holotree\84e04c8_5a1fac3_9fcd2534\Lib\site-packages\pyfenster\query\mixins.py", line 186, in find_first
    found = m.find_first(
            ^^^^^^^^^^^^^
  File "C:\Users\azureuser\AppData\Local\robocorp\holotree\84e04c8_5a1fac3_9fcd2534\Lib\site-packages\pyfenster\query\methods.py", line 87, in find_first
    raise_error(msg)
  File "C:\Users\azureuser\AppData\Local\robocorp\holotree\84e04c8_5a1fac3_9fcd2534\Lib\site-packages\pyfenster\query\methods.py", line 78, in raise_error
    raise ElementNotFoundError(msg)
pyfenster.exceptions.ElementNotFoundError: 'FindFirst' failed: name = 'Wartung'
AND
control_type = '50020'

The above exception was the direct cause of the following exception:

Traceback (most recent call last):
  File "C:\Users\azureuser\AppData\Local\automizor\runner\ispa_next\appointment_loop\main.py", line 72, in process_appointment
    remote_keyread_manager.run(waiting=False)
  File "C:\Users\azureuser\AppData\Local\automizor\runner\ispa_next\rkr_manager\main.py", line 61, in run
    self.ui_helper.open_tab(base_element=self.base_element, name="Wartung")
  File "C:\Users\azureuser\AppData\Local\automizor\runner\ispa_next\rkr_manager\helper.py", line 272, in open_tab
    opened = open_ispa_tab(base_element=base_element, name=name)
             ^^^^^^^^^^^^^^^^^^^^^^^^^^^^^^^^^^^^^^^^^^^^^^^^^^^
  File "C:\Users\azureuser\AppData\Local\automizor\runner\ispa_next\common\shared.py", line 73, in open_ispa_tab
    raise ElementNotFoundError(error_msg) from exc
pyfenster.exceptions.ElementNotFoundError: Error opening ISPA tab: Wartung

2025-11-17 12:18:04,022 - ispa_next.appointment_ending - DEBUG - entered complete process
2025-11-17 12:18:04,023 - ispa_next.appointment_loop.helpers - DEBUG - Checking for potential OIDC Login dialog
2025-11-17 12:18:04,962 - ispa_next.common.shared - DEBUG - Attempting to open ISPA tab: Abschluss
2025-11-17 12:18:05,728 - ispa_next.common.shared - DEBUG - Successfully opened ISPA tab: Abschluss
2025-11-17 12:18:05,729 - ispa_next.appointment_ending - DEBUG - complete_process exists early.
2025-11-17 12:18:05,759 - ispa_next.appointment_ending - DEBUG - attempt to close process with save: False
2025-11-17 12:18:08,752 - ispa_next.appointment_loop.main - DEBUG - Closing appointment 1.
2025-11-17 12:18:08,755 - ispa_next.appointments.functions - DEBUG - filter_appointments_grid_by_term
2025-11-17 12:18:09,378 - ispa_next.appointments.functions - DEBUG - Gross total count for all events at location: 349
2025-11-17 12:18:09,379 - ispa_next.appointments.functions - DEBUG - Unfiltered total count for 'Terminvereinbarung' events: 1
2025-11-17 12:18:13,141 - ispa_next.appointments.functions - DEBUG - Filtered by term total count for 'Terminvereinbarung' events: 99
2025-11-17 12:18:13,142 - ispa_next.appointments.functions - DEBUG - fetch_appointments_from_grid
2025-11-17 12:18:14,612 - ispa_next.appointments.models - DEBUG - Appointment Hajko Sarkisov GV-HS 23 WMW71DH0402S38796 ohne Termin.
2025-11-17 12:18:14,621 - ispa_next.appointments.models - DEBUG - Appointment Michael Detlef Behn NE-DI 6167 WBAYH110505P46685 ohne Termin.
